Prepared 236 tasks across GPUs 0, 1
Output root: /data/armaan/purs/vizzing/all
START gpu=0: encoder video-mme/action_reasoning/q001
START gpu=1: depth_curve video-mme/action_reasoning/q001
DONE  gpu=1: depth_curve video-mme/action_reasoning/q001 (1/236)
START gpu=1: encoder video-mme/action_reasoning/q002
DONE  gpu=0: encoder video-mme/action_reasoning/q001 (2/236)
START gpu=0: depth_curve video-mme/action_reasoning/q002
DONE  gpu=0: depth_curve video-mme/action_reasoning/q002 (3/236)
START gpu=0: encoder video-mme/action_reasoning/q003
DONE  gpu=1: encoder video-mme/action_reasoning/q002 (4/236)
START gpu=1: depth_curve video-mme/action_reasoning/q003
DONE  gpu=1: depth_curve video-mme/action_reasoning/q003 (5/236)
START gpu=1: encoder video-mme/action_recognition/q001
DONE  gpu=0: encoder video-mme/action_reasoning/q003 (6/236)
START gpu=0: depth_curve video-mme/action_recognition/q001
DONE  gpu=1: encoder video-mme/action_recognition/q001 (7/236)
DONE  gpu=0: depth_curve video-mme/action_recognition/q001 (8/236)
START gpu=0: encoder video-mme/action_recognition/q002
START gpu=1: depth_curve video-mme/action_recognition/q002
DONE  gpu=1: depth_curve video-mme/action_recognition/q002 (9/236)
START gpu=1: encoder video-mme/action_recognition/q003
DONE  gpu=0: encoder video-mme/action_recognition/q002 (10/236)
START gpu=0: depth_curve video-mme/action_recognition/q003
DONE  gpu=1: encoder video-mme/action_recognition/q003 (11/236)
DONE  gpu=0: depth_curve video-mme/action_recognition/q003 (12/236)
START gpu=0: encoder video-mme/attribute_perception/q001
START gpu=1: depth_curve video-mme/attribute_perception/q001
DONE  gpu=1: depth_curve video-mme/attribute_perception/q001 (13/236)
START gpu=1: encoder video-mme/attribute_perception/q002
DONE  gpu=0: encoder video-mme/attribute_perception/q001 (14/236)
START gpu=0: depth_curve video-mme/attribute_perception/q002
DONE  gpu=1: encoder video-mme/attribute_perception/q002 (15/236)
DONE  gpu=0: depth_curve video-mme/attribute_perception/q002 (16/236)
START gpu=0: encoder video-mme/attribute_perception/q003
START gpu=1: depth_curve video-mme/attribute_perception/q003
DONE  gpu=1: depth_curve video-mme/attribute_perception/q003 (17/236)
START gpu=1: encoder video-mme/counting_problem/q001
DONE  gpu=0: encoder video-mme/attribute_perception/q003 (18/236)
START gpu=0: depth_curve video-mme/counting_problem/q001
DONE  gpu=1: encoder video-mme/counting_problem/q001 (19/236)
DONE  gpu=0: depth_curve video-mme/counting_problem/q001 (20/236)
START gpu=0: encoder video-mme/counting_problem/q002
START gpu=1: depth_curve video-mme/counting_problem/q002
DONE  gpu=1: depth_curve video-mme/counting_problem/q002 (21/236)
START gpu=1: encoder video-mme/counting_problem/q003
DONE  gpu=0: encoder video-mme/counting_problem/q002 (22/236)
START gpu=0: depth_curve video-mme/counting_problem/q003
DONE  gpu=1: encoder video-mme/counting_problem/q003 (23/236)
DONE  gpu=0: depth_curve video-mme/counting_problem/q003 (24/236)
START gpu=0: encoder video-mme/information_synopsis/q001
START gpu=1: depth_curve video-mme/information_synopsis/q001
DONE  gpu=1: depth_curve video-mme/information_synopsis/q001 (25/236)
START gpu=1: encoder video-mme/information_synopsis/q002
DONE  gpu=0: encoder video-mme/information_synopsis/q001 (26/236)
START gpu=0: depth_curve video-mme/information_synopsis/q002
DONE  gpu=1: encoder video-mme/information_synopsis/q002 (27/236)
DONE  gpu=0: depth_curve video-mme/information_synopsis/q002 (28/236)
START gpu=0: encoder video-mme/information_synopsis/q003
START gpu=1: depth_curve video-mme/information_synopsis/q003
DONE  gpu=1: depth_curve video-mme/information_synopsis/q003 (29/236)
START gpu=1: encoder video-mme/ocr_problems/q001
DONE  gpu=0: encoder video-mme/information_synopsis/q003 (30/236)
START gpu=0: depth_curve video-mme/ocr_problems/q001
DONE  gpu=1: encoder video-mme/ocr_problems/q001 (31/236)
START gpu=1: encoder video-mme/ocr_problems/q002
DONE  gpu=0: depth_curve video-mme/ocr_problems/q001 (32/236)
START gpu=0: depth_curve video-mme/ocr_problems/q002
DONE  gpu=1: encoder video-mme/ocr_problems/q002 (33/236)
START gpu=1: encoder video-mme/ocr_problems/q003
DONE  gpu=0: depth_curve video-mme/ocr_problems/q002 (34/236)
START gpu=0: depth_curve video-mme/ocr_problems/q003
DONE  gpu=1: encoder video-mme/ocr_problems/q003 (35/236)
START gpu=1: encoder video-mme/object_reasoning/q001
DONE  gpu=0: depth_curve video-mme/ocr_problems/q003 (36/236)
START gpu=0: depth_curve video-mme/object_reasoning/q001
DONE  gpu=1: encoder video-mme/object_reasoning/q001 (37/236)
DONE  gpu=0: depth_curve video-mme/object_reasoning/q001 (38/236)
START gpu=0: encoder video-mme/object_reasoning/q002
START gpu=1: depth_curve video-mme/object_reasoning/q002
DONE  gpu=1: depth_curve video-mme/object_reasoning/q002 (39/236)
START gpu=1: encoder video-mme/object_reasoning/q003
DONE  gpu=0: encoder video-mme/object_reasoning/q002 (40/236)
START gpu=0: depth_curve video-mme/object_reasoning/q003
DONE  gpu=1: encoder video-mme/object_reasoning/q003 (41/236)
DONE  gpu=0: depth_curve video-mme/object_reasoning/q003 (42/236)
START gpu=0: encoder video-mme/object_recognition/q001
START gpu=1: depth_curve video-mme/object_recognition/q001
DONE  gpu=1: depth_curve video-mme/object_recognition/q001 (43/236)
START gpu=1: encoder video-mme/object_recognition/q002
DONE  gpu=0: encoder video-mme/object_recognition/q001 (44/236)
START gpu=0: depth_curve video-mme/object_recognition/q002
DONE  gpu=1: encoder video-mme/object_recognition/q002 (45/236)
DONE  gpu=0: depth_curve video-mme/object_recognition/q002 (46/236)
START gpu=0: encoder video-mme/object_recognition/q003
START gpu=1: depth_curve video-mme/object_recognition/q003
DONE  gpu=1: depth_curve video-mme/object_recognition/q003 (47/236)
START gpu=1: encoder video-mme/spatial_perception/q001
DONE  gpu=0: encoder video-mme/object_recognition/q003 (48/236)
START gpu=0: depth_curve video-mme/spatial_perception/q001
DONE  gpu=1: encoder video-mme/spatial_perception/q001 (49/236)
DONE  gpu=0: depth_curve video-mme/spatial_perception/q001 (50/236)
START gpu=0: encoder video-mme/spatial_perception/q002
START gpu=1: depth_curve video-mme/spatial_perception/q002
DONE  gpu=1: depth_curve video-mme/spatial_perception/q002 (51/236)
START gpu=1: encoder video-mme/spatial_perception/q003
DONE  gpu=0: encoder video-mme/spatial_perception/q002 (52/236)
START gpu=0: depth_curve video-mme/spatial_perception/q003
DONE  gpu=1: encoder video-mme/spatial_perception/q003 (53/236)
DONE  gpu=0: depth_curve video-mme/spatial_perception/q003 (54/236)
START gpu=0: encoder video-mme/spatial_reasoning/q001
START gpu=1: depth_curve video-mme/spatial_reasoning/q001
DONE  gpu=1: depth_curve video-mme/spatial_reasoning/q001 (55/236)
START gpu=1: encoder video-mme/spatial_reasoning/q002
DONE  gpu=0: encoder video-mme/spatial_reasoning/q001 (56/236)
START gpu=0: depth_curve video-mme/spatial_reasoning/q002
DONE  gpu=1: encoder video-mme/spatial_reasoning/q002 (57/236)
DONE  gpu=0: depth_curve video-mme/spatial_reasoning/q002 (58/236)
START gpu=0: encoder video-mme/spatial_reasoning/q003
START gpu=1: depth_curve video-mme/spatial_reasoning/q003
DONE  gpu=1: depth_curve video-mme/spatial_reasoning/q003 (59/236)
START gpu=1: encoder video-mme/temporal_perception/q001
DONE  gpu=0: encoder video-mme/spatial_reasoning/q003 (60/236)
START gpu=0: depth_curve video-mme/temporal_perception/q001
DONE  gpu=1: encoder video-mme/temporal_perception/q001 (61/236)
START gpu=1: encoder video-mme/temporal_perception/q002
DONE  gpu=0: depth_curve video-mme/temporal_perception/q001 (62/236)
START gpu=0: depth_curve video-mme/temporal_perception/q002
DONE  gpu=0: depth_curve video-mme/temporal_perception/q002 (63/236)
START gpu=0: encoder video-mme/temporal_perception/q003
DONE  gpu=1: encoder video-mme/temporal_perception/q002 (64/236)
START gpu=1: depth_curve video-mme/temporal_perception/q003
DONE  gpu=1: depth_curve video-mme/temporal_perception/q003 (65/236)
START gpu=1: encoder video-mme/temporal_reasoning/q001
DONE  gpu=0: encoder video-mme/temporal_perception/q003 (66/236)
START gpu=0: depth_curve video-mme/temporal_reasoning/q001
DONE  gpu=0: depth_curve video-mme/temporal_reasoning/q001 (67/236)
START gpu=0: encoder video-mme/temporal_reasoning/q002
DONE  gpu=1: encoder video-mme/temporal_reasoning/q001 (68/236)
START gpu=1: depth_curve video-mme/temporal_reasoning/q002
DONE  gpu=1: depth_curve video-mme/temporal_reasoning/q002 (69/236)
START gpu=1: encoder video-mme/temporal_reasoning/q003
DONE  gpu=0: encoder video-mme/temporal_reasoning/q002 (70/236)
START gpu=0: depth_curve video-mme/temporal_reasoning/q003
DONE  gpu=0: depth_curve video-mme/temporal_reasoning/q003 (71/236)
START gpu=0: encoder daily-omni/av_event_alignment/q001
DONE  gpu=1: encoder video-mme/temporal_reasoning/q003 (72/236)
START gpu=1: depth_curve daily-omni/av_event_alignment/q001
DONE  gpu=1: depth_curve daily-omni/av_event_alignment/q001 (73/236)
START gpu=1: encoder daily-omni/av_event_alignment/q002
DONE  gpu=0: encoder daily-omni/av_event_alignment/q001 (74/236)
START gpu=0: depth_curve daily-omni/av_event_alignment/q002
DONE  gpu=0: depth_curve daily-omni/av_event_alignment/q002 (75/236)
START gpu=0: encoder daily-omni/av_event_alignment/q003
DONE  gpu=1: encoder daily-omni/av_event_alignment/q002 (76/236)
START gpu=1: depth_curve daily-omni/av_event_alignment/q003
DONE  gpu=1: depth_curve daily-omni/av_event_alignment/q003 (77/236)
START gpu=1: encoder daily-omni/comparative/q001
DONE  gpu=0: encoder daily-omni/av_event_alignment/q003 (78/236)
START gpu=0: depth_curve daily-omni/comparative/q001
DONE  gpu=0: depth_curve daily-omni/comparative/q001 (79/236)
START gpu=0: encoder daily-omni/comparative/q002
DONE  gpu=1: encoder daily-omni/comparative/q001 (80/236)
START gpu=1: depth_curve daily-omni/comparative/q002
DONE  gpu=1: depth_curve daily-omni/comparative/q002 (81/236)
START gpu=1: encoder daily-omni/comparative/q003
DONE  gpu=0: encoder daily-omni/comparative/q002 (82/236)
START gpu=0: depth_curve daily-omni/comparative/q003
DONE  gpu=0: depth_curve daily-omni/comparative/q003 (83/236)
START gpu=0: encoder daily-omni/context_understanding/q001
DONE  gpu=1: encoder daily-omni/comparative/q003 (84/236)
START gpu=1: depth_curve daily-omni/context_understanding/q001
DONE  gpu=1: depth_curve daily-omni/context_understanding/q001 (85/236)
START gpu=1: encoder daily-omni/context_understanding/q002
DONE  gpu=0: encoder daily-omni/context_understanding/q001 (86/236)
START gpu=0: depth_curve daily-omni/context_understanding/q002
DONE  gpu=0: depth_curve daily-omni/context_understanding/q002 (87/236)
START gpu=0: encoder daily-omni/context_understanding/q003
DONE  gpu=1: encoder daily-omni/context_understanding/q002 (88/236)
START gpu=1: depth_curve daily-omni/context_understanding/q003
DONE  gpu=1: depth_curve daily-omni/context_understanding/q003 (89/236)
START gpu=1: encoder daily-omni/event_sequence/q001
DONE  gpu=0: encoder daily-omni/context_understanding/q003 (90/236)
START gpu=0: depth_curve daily-omni/event_sequence/q001
DONE  gpu=1: encoder daily-omni/event_sequence/q001 (91/236)
START gpu=1: encoder daily-omni/event_sequence/q002
DONE  gpu=0: depth_curve daily-omni/event_sequence/q001 (92/236)
START gpu=0: depth_curve daily-omni/event_sequence/q002
DONE  gpu=1: encoder daily-omni/event_sequence/q002 (93/236)
DONE  gpu=0: depth_curve daily-omni/event_sequence/q002 (94/236)
START gpu=0: encoder daily-omni/event_sequence/q003
START gpu=1: depth_curve daily-omni/event_sequence/q003
DONE  gpu=1: depth_curve daily-omni/event_sequence/q003 (95/236)
START gpu=1: encoder daily-omni/inference/q001
DONE  gpu=0: encoder daily-omni/event_sequence/q003 (96/236)
START gpu=0: depth_curve daily-omni/inference/q001
DONE  gpu=1: encoder daily-omni/inference/q001 (97/236)
DONE  gpu=0: depth_curve daily-omni/inference/q001 (98/236)
START gpu=0: encoder daily-omni/inference/q002
START gpu=1: depth_curve daily-omni/inference/q002
DONE  gpu=1: depth_curve daily-omni/inference/q002 (99/236)
START gpu=1: encoder daily-omni/inference/q003
DONE  gpu=0: encoder daily-omni/inference/q002 (100/236)
START gpu=0: depth_curve daily-omni/inference/q003
DONE  gpu=0: depth_curve daily-omni/inference/q003 (101/236)
START gpu=0: encoder daily-omni/reasoning/q001
DONE  gpu=1: encoder daily-omni/inference/q003 (102/236)
START gpu=1: depth_curve daily-omni/reasoning/q001
DONE  gpu=1: depth_curve daily-omni/reasoning/q001 (103/236)
START gpu=1: encoder daily-omni/reasoning/q002
DONE  gpu=0: encoder daily-omni/reasoning/q001 (104/236)
START gpu=0: depth_curve daily-omni/reasoning/q002
DONE  gpu=0: depth_curve daily-omni/reasoning/q002 (105/236)
START gpu=0: encoder daily-omni/reasoning/q003
DONE  gpu=1: encoder daily-omni/reasoning/q002 (106/236)
START gpu=1: depth_curve daily-omni/reasoning/q003
DONE  gpu=1: depth_curve daily-omni/reasoning/q003 (107/236)
START gpu=1: encoder worldsense/action_counting/q001
DONE  gpu=0: encoder daily-omni/reasoning/q003 (108/236)
START gpu=0: depth_curve worldsense/action_counting/q001
DONE  gpu=1: encoder worldsense/action_counting/q001 (109/236)
DONE  gpu=0: depth_curve worldsense/action_counting/q001 (110/236)
START gpu=0: encoder worldsense/action_counting/q002
START gpu=1: depth_curve worldsense/action_counting/q002
DONE  gpu=1: depth_curve worldsense/action_counting/q002 (111/236)
START gpu=1: encoder worldsense/action_counting/q003
DONE  gpu=0: encoder worldsense/action_counting/q002 (112/236)
START gpu=0: depth_curve worldsense/action_counting/q003
DONE  gpu=1: encoder worldsense/action_counting/q003 (113/236)
START gpu=1: encoder worldsense/anomaly_recognition/q001
DONE  gpu=0: depth_curve worldsense/action_counting/q003 (114/236)
START gpu=0: depth_curve worldsense/anomaly_recognition/q001
DONE  gpu=1: encoder worldsense/anomaly_recognition/q001 (115/236)
START gpu=1: encoder worldsense/anomaly_recognition/q002
DONE  gpu=0: depth_curve worldsense/anomaly_recognition/q001 (116/236)
START gpu=0: depth_curve worldsense/anomaly_recognition/q002
DONE  gpu=1: encoder worldsense/anomaly_recognition/q002 (117/236)
DONE  gpu=0: depth_curve worldsense/anomaly_recognition/q002 (118/236)
START gpu=0: encoder worldsense/anomaly_recognition/q003
START gpu=1: depth_curve worldsense/anomaly_recognition/q003
DONE  gpu=1: depth_curve worldsense/anomaly_recognition/q003 (119/236)
START gpu=1: encoder worldsense/attribute_reasoning/q001
DONE  gpu=0: encoder worldsense/anomaly_recognition/q003 (120/236)
START gpu=0: depth_curve worldsense/attribute_reasoning/q001
DONE  gpu=1: encoder worldsense/attribute_reasoning/q001 (121/236)
DONE  gpu=0: depth_curve worldsense/attribute_reasoning/q001 (122/236)
START gpu=0: encoder worldsense/attribute_recognition/q001
START gpu=1: depth_curve worldsense/attribute_recognition/q001
DONE  gpu=1: depth_curve worldsense/attribute_recognition/q001 (123/236)
START gpu=1: encoder worldsense/attribute_recognition/q002
DONE  gpu=0: encoder worldsense/attribute_recognition/q001 (124/236)
START gpu=0: depth_curve worldsense/attribute_recognition/q002
DONE  gpu=1: encoder worldsense/attribute_recognition/q002 (125/236)
START gpu=1: encoder worldsense/attribute_recognition/q003
DONE  gpu=0: depth_curve worldsense/attribute_recognition/q002 (126/236)
START gpu=0: depth_curve worldsense/attribute_recognition/q003
DONE  gpu=1: encoder worldsense/attribute_recognition/q003 (127/236)
DONE  gpu=0: depth_curve worldsense/attribute_recognition/q003 (128/236)
START gpu=0: encoder worldsense/attribute_recognition/q004
START gpu=1: depth_curve worldsense/attribute_recognition/q004
DONE  gpu=1: depth_curve worldsense/attribute_recognition/q004 (129/236)
START gpu=1: encoder worldsense/audio_change/q001
DONE  gpu=0: encoder worldsense/attribute_recognition/q004 (130/236)
START gpu=0: depth_curve worldsense/audio_change/q001
DONE  gpu=1: encoder worldsense/audio_change/q001 (131/236)
DONE  gpu=0: depth_curve worldsense/audio_change/q001 (132/236)
START gpu=0: encoder worldsense/audio_change/q002
START gpu=1: depth_curve worldsense/audio_change/q002
DONE  gpu=1: depth_curve worldsense/audio_change/q002 (133/236)
START gpu=1: encoder worldsense/audio_counting/q001
DONE  gpu=0: encoder worldsense/audio_change/q002 (134/236)
START gpu=0: depth_curve worldsense/audio_counting/q001
DONE  gpu=0: depth_curve worldsense/audio_counting/q001 (135/236)
START gpu=0: encoder worldsense/audio_recognition/q001
DONE  gpu=1: encoder worldsense/audio_counting/q001 (136/236)
START gpu=1: depth_curve worldsense/audio_recognition/q001
DONE  gpu=1: depth_curve worldsense/audio_recognition/q001 (137/236)
START gpu=1: encoder worldsense/audio_recognition/q002
DONE  gpu=0: encoder worldsense/audio_recognition/q001 (138/236)
START gpu=0: depth_curve worldsense/audio_recognition/q002
DONE  gpu=0: depth_curve worldsense/audio_recognition/q002 (139/236)
START gpu=0: encoder worldsense/audio_source_localization/q001
DONE  gpu=1: encoder worldsense/audio_recognition/q002 (140/236)
START gpu=1: depth_curve worldsense/audio_source_localization/q001
DONE  gpu=1: depth_curve worldsense/audio_source_localization/q001 (141/236)
START gpu=1: encoder worldsense/audio_source_localization/q002
DONE  gpu=0: encoder worldsense/audio_source_localization/q001 (142/236)
START gpu=0: depth_curve worldsense/audio_source_localization/q002
DONE  gpu=0: depth_curve worldsense/audio_source_localization/q002 (143/236)
START gpu=0: encoder worldsense/causal_reasoning/q001
DONE  gpu=1: encoder worldsense/audio_source_localization/q002 (144/236)
START gpu=1: depth_curve worldsense/causal_reasoning/q001
DONE  gpu=0: encoder worldsense/causal_reasoning/q001 (145/236)
DONE  gpu=1: depth_curve worldsense/causal_reasoning/q001 (146/236)
START gpu=0: encoder worldsense/causal_reasoning/q002
START gpu=1: depth_curve worldsense/causal_reasoning/q002
DONE  gpu=1: depth_curve worldsense/causal_reasoning/q002 (147/236)
START gpu=1: encoder worldsense/causal_reasoning/q003
DONE  gpu=0: encoder worldsense/causal_reasoning/q002 (148/236)
START gpu=0: depth_curve worldsense/causal_reasoning/q003
DONE  gpu=1: encoder worldsense/causal_reasoning/q003 (149/236)
DONE  gpu=0: depth_curve worldsense/causal_reasoning/q003 (150/236)
START gpu=0: encoder worldsense/emotion_change/q001
START gpu=1: depth_curve worldsense/emotion_change/q001
DONE  gpu=1: depth_curve worldsense/emotion_change/q001 (151/236)
START gpu=1: encoder worldsense/emotion_change/q002
DONE  gpu=0: encoder worldsense/emotion_change/q001 (152/236)
START gpu=0: depth_curve worldsense/emotion_change/q002
DONE  gpu=1: encoder worldsense/emotion_change/q002 (153/236)
DONE  gpu=0: depth_curve worldsense/emotion_change/q002 (154/236)
START gpu=0: encoder worldsense/event_recognition/q001
START gpu=1: depth_curve worldsense/event_recognition/q001
DONE  gpu=1: depth_curve worldsense/event_recognition/q001 (155/236)
START gpu=1: encoder worldsense/event_recognition/q002
DONE  gpu=0: encoder worldsense/event_recognition/q001 (156/236)
START gpu=0: depth_curve worldsense/event_recognition/q002
DONE  gpu=1: encoder worldsense/event_recognition/q002 (157/236)
DONE  gpu=0: depth_curve worldsense/event_recognition/q002 (158/236)
START gpu=0: encoder worldsense/event_recognition/q003
START gpu=1: depth_curve worldsense/event_recognition/q003
DONE  gpu=1: depth_curve worldsense/event_recognition/q003 (159/236)
START gpu=1: encoder worldsense/event_recognition/q004
DONE  gpu=0: encoder worldsense/event_recognition/q003 (160/236)
START gpu=0: depth_curve worldsense/event_recognition/q004
DONE  gpu=1: encoder worldsense/event_recognition/q004 (161/236)
DONE  gpu=0: depth_curve worldsense/event_recognition/q004 (162/236)
START gpu=0: encoder worldsense/event_sorting/q001
START gpu=1: depth_curve worldsense/event_sorting/q001
DONE  gpu=1: depth_curve worldsense/event_sorting/q001 (163/236)
START gpu=1: encoder worldsense/event_sorting/q002
DONE  gpu=0: encoder worldsense/event_sorting/q001 (164/236)
START gpu=0: depth_curve worldsense/event_sorting/q002
DONE  gpu=1: encoder worldsense/event_sorting/q002 (165/236)
START gpu=1: encoder worldsense/event_sorting/q003
DONE  gpu=0: depth_curve worldsense/event_sorting/q002 (166/236)
START gpu=0: depth_curve worldsense/event_sorting/q003
DONE  gpu=0: depth_curve worldsense/event_sorting/q003 (167/236)
START gpu=0: encoder worldsense/event_sorting/q004
DONE  gpu=1: encoder worldsense/event_sorting/q003 (168/236)
START gpu=1: depth_curve worldsense/event_sorting/q004
DONE  gpu=1: depth_curve worldsense/event_sorting/q004 (169/236)
START gpu=1: encoder worldsense/hallucination/q001
DONE  gpu=0: encoder worldsense/event_sorting/q004 (170/236)
START gpu=0: depth_curve worldsense/hallucination/q001
DONE  gpu=1: encoder worldsense/hallucination/q001 (171/236)
START gpu=1: encoder worldsense/hallucination/q002
DONE  gpu=0: depth_curve worldsense/hallucination/q001 (172/236)
START gpu=0: depth_curve worldsense/hallucination/q002
DONE  gpu=1: encoder worldsense/hallucination/q002 (173/236)
DONE  gpu=0: depth_curve worldsense/hallucination/q002 (174/236)
START gpu=0: encoder worldsense/hallucination/q003
START gpu=1: depth_curve worldsense/hallucination/q003
DONE  gpu=1: depth_curve worldsense/hallucination/q003 (175/236)
START gpu=1: encoder worldsense/human_emotions/q001
DONE  gpu=0: encoder worldsense/hallucination/q003 (176/236)
START gpu=0: depth_curve worldsense/human_emotions/q001
DONE  gpu=0: depth_curve worldsense/human_emotions/q001 (177/236)
START gpu=0: encoder worldsense/human_emotions/q002
DONE  gpu=1: encoder worldsense/human_emotions/q001 (178/236)
START gpu=1: depth_curve worldsense/human_emotions/q002
DONE  gpu=0: encoder worldsense/human_emotions/q002 (179/236)
DONE  gpu=1: depth_curve worldsense/human_emotions/q002 (180/236)
START gpu=0: encoder worldsense/human_interaction/q001
START gpu=1: depth_curve worldsense/human_interaction/q001
DONE  gpu=1: depth_curve worldsense/human_interaction/q001 (181/236)
START gpu=1: encoder worldsense/human_object_interaction/q001
DONE  gpu=0: encoder worldsense/human_interaction/q001 (182/236)
START gpu=0: depth_curve worldsense/human_object_interaction/q001
DONE  gpu=0: depth_curve worldsense/human_object_interaction/q001 (183/236)
START gpu=0: encoder worldsense/human_object_interaction/q002
DONE  gpu=1: encoder worldsense/human_object_interaction/q001 (184/236)
START gpu=1: depth_curve worldsense/human_object_interaction/q002
DONE  gpu=1: depth_curve worldsense/human_object_interaction/q002 (185/236)
START gpu=1: encoder worldsense/object_counting/q001
DONE  gpu=0: encoder worldsense/human_object_interaction/q002 (186/236)
START gpu=0: depth_curve worldsense/object_counting/q001
DONE  gpu=1: encoder worldsense/object_counting/q001 (187/236)
START gpu=1: encoder worldsense/object_existence_recognition/q001
DONE  gpu=0: depth_curve worldsense/object_counting/q001 (188/236)
START gpu=0: depth_curve worldsense/object_existence_recognition/q001
DONE  gpu=0: depth_curve worldsense/object_existence_recognition/q001 (189/236)
START gpu=0: encoder worldsense/object_existence_recognition/q002
DONE  gpu=1: encoder worldsense/object_existence_recognition/q001 (190/236)
START gpu=1: depth_curve worldsense/object_existence_recognition/q002
DONE  gpu=0: encoder worldsense/object_existence_recognition/q002 (191/236)
DONE  gpu=1: depth_curve worldsense/object_existence_recognition/q002 (192/236)
START gpu=0: encoder worldsense/object_existence_recognition/q003
START gpu=1: depth_curve worldsense/object_existence_recognition/q003
DONE  gpu=1: depth_curve worldsense/object_existence_recognition/q003 (193/236)
START gpu=1: encoder worldsense/object_existence_recognition/q004
DONE  gpu=0: encoder worldsense/object_existence_recognition/q003 (194/236)
START gpu=0: depth_curve worldsense/object_existence_recognition/q004
DONE  gpu=1: encoder worldsense/object_existence_recognition/q004 (195/236)
DONE  gpu=0: depth_curve worldsense/object_existence_recognition/q004 (196/236)
START gpu=0: encoder worldsense/object_state_change/q001
START gpu=1: depth_curve worldsense/object_state_change/q001
DONE  gpu=1: depth_curve worldsense/object_state_change/q001 (197/236)
START gpu=1: encoder worldsense/object_state_change/q002
DONE  gpu=0: encoder worldsense/object_state_change/q001 (198/236)
START gpu=0: depth_curve worldsense/object_state_change/q002
DONE  gpu=1: encoder worldsense/object_state_change/q002 (199/236)
START gpu=1: encoder worldsense/object_state_change/q003
DONE  gpu=0: depth_curve worldsense/object_state_change/q002 (200/236)
START gpu=0: depth_curve worldsense/object_state_change/q003
DONE  gpu=0: depth_curve worldsense/object_state_change/q003 (201/236)
START gpu=0: encoder worldsense/relation_reasoning/q001
DONE  gpu=1: encoder worldsense/object_state_change/q003 (202/236)
START gpu=1: depth_curve worldsense/relation_reasoning/q001
DONE  gpu=1: depth_curve worldsense/relation_reasoning/q001 (203/236)
START gpu=1: encoder worldsense/relation_reasoning/q002
DONE  gpu=0: encoder worldsense/relation_reasoning/q001 (204/236)
START gpu=0: depth_curve worldsense/relation_reasoning/q002
DONE  gpu=0: depth_curve worldsense/relation_reasoning/q002 (205/236)
START gpu=0: encoder worldsense/relation_reasoning/q003
DONE  gpu=1: encoder worldsense/relation_reasoning/q002 (206/236)
START gpu=1: depth_curve worldsense/relation_reasoning/q003
DONE  gpu=1: depth_curve worldsense/relation_reasoning/q003 (207/236)
START gpu=1: encoder worldsense/scene_recognition/q001
DONE  gpu=0: encoder worldsense/relation_reasoning/q003 (208/236)
START gpu=0: depth_curve worldsense/scene_recognition/q001
DONE  gpu=0: depth_curve worldsense/scene_recognition/q001 (209/236)
START gpu=0: encoder worldsense/scene_recognition/q002
DONE  gpu=1: encoder worldsense/scene_recognition/q001 (210/236)
START gpu=1: depth_curve worldsense/scene_recognition/q002
DONE  gpu=1: depth_curve worldsense/scene_recognition/q002 (211/236)
START gpu=1: encoder worldsense/spatial_relation/q001
DONE  gpu=0: encoder worldsense/scene_recognition/q002 (212/236)
START gpu=0: depth_curve worldsense/spatial_relation/q001
DONE  gpu=0: depth_curve worldsense/spatial_relation/q001 (213/236)
START gpu=0: encoder worldsense/temporal_localization/q001
DONE  gpu=1: encoder worldsense/spatial_relation/q001 (214/236)
START gpu=1: depth_curve worldsense/temporal_localization/q001
DONE  gpu=1: depth_curve worldsense/temporal_localization/q001 (215/236)
START gpu=1: encoder worldsense/temporal_localization/q002
DONE  gpu=0: encoder worldsense/temporal_localization/q001 (216/236)
START gpu=0: depth_curve worldsense/temporal_localization/q002
DONE  gpu=0: depth_curve worldsense/temporal_localization/q002 (217/236)
START gpu=0: encoder worldsense/temporal_prediction/q001
DONE  gpu=1: encoder worldsense/temporal_localization/q002 (218/236)
START gpu=1: depth_curve worldsense/temporal_prediction/q001
DONE  gpu=0: encoder worldsense/temporal_prediction/q001 (219/236)
DONE  gpu=1: depth_curve worldsense/temporal_prediction/q001 (220/236)
START gpu=0: encoder worldsense/temporal_prediction/q002
START gpu=1: depth_curve worldsense/temporal_prediction/q002
DONE  gpu=1: depth_curve worldsense/temporal_prediction/q002 (221/236)
START gpu=1: encoder worldsense/text_and_diagram_understanding/q001
DONE  gpu=0: encoder worldsense/temporal_prediction/q002 (222/236)
START gpu=0: depth_curve worldsense/text_and_diagram_understanding/q001
DONE  gpu=0: depth_curve worldsense/text_and_diagram_understanding/q001 (223/236)
START gpu=0: encoder worldsense/text_and_diagram_understanding/q002
DONE  gpu=1: encoder worldsense/text_and_diagram_understanding/q001 (224/236)
START gpu=1: depth_curve worldsense/text_and_diagram_understanding/q002
DONE  gpu=1: depth_curve worldsense/text_and_diagram_understanding/q002 (225/236)
START gpu=1: encoder worldsense/text_and_diagram_understanding/q003
DONE  gpu=0: encoder worldsense/text_and_diagram_understanding/q002 (226/236)
START gpu=0: depth_curve worldsense/text_and_diagram_understanding/q003
DONE  gpu=0: depth_curve worldsense/text_and_diagram_understanding/q003 (227/236)
START gpu=0: encoder worldsense/video_emotions/q001
DONE  gpu=1: encoder worldsense/text_and_diagram_understanding/q003 (228/236)
START gpu=1: depth_curve worldsense/video_emotions/q001
DONE  gpu=0: encoder worldsense/video_emotions/q001 (229/236)
START gpu=0: encoder worldsense/video_emotions/q002
DONE  gpu=1: depth_curve worldsense/video_emotions/q001 (230/236)
START gpu=1: depth_curve worldsense/video_emotions/q002
DONE  gpu=1: depth_curve worldsense/video_emotions/q002 (231/236)
START gpu=1: encoder worldsense/video_emotions/q003
DONE  gpu=0: encoder worldsense/video_emotions/q002 (232/236)
START gpu=0: depth_curve worldsense/video_emotions/q003
DONE  gpu=0: depth_curve worldsense/video_emotions/q003 (233/236)
START gpu=0: encoder worldsense/video_emotions/q004
DONE  gpu=1: encoder worldsense/video_emotions/q003 (234/236)
START gpu=1: depth_curve worldsense/video_emotions/q004
DONE  gpu=1: depth_curve worldsense/video_emotions/q004 (235/236)
DONE  gpu=0: encoder worldsense/video_emotions/q004 (236/236)
Finished: 236/236 succeeded, 0 failed
