nohup: ignoring input
[start] gpu=3 divprune temp=0.1 run=01
[done]  gpu=3 divprune temp=0.1 run=01 ok
[start] gpu=3 divprune temp=0.1 run=02
[done]  gpu=3 divprune temp=0.1 run=02 ok
[start] gpu=3 divprune temp=0.1 run=03
[done]  gpu=3 divprune temp=0.1 run=03 ok
[start] gpu=3 divprune temp=0.1 run=04
[done]  gpu=3 divprune temp=0.1 run=04 ok
[start] gpu=3 divprune temp=0.1 run=05
[done]  gpu=3 divprune temp=0.1 run=05 ok
[start] gpu=3 divprune temp=0.1 run=06
[done]  gpu=3 divprune temp=0.1 run=06 ok
[start] gpu=3 divprune temp=0.1 run=07
[done]  gpu=3 divprune temp=0.1 run=07 ok
[start] gpu=3 divprune temp=0.1 run=08
[done]  gpu=3 divprune temp=0.1 run=08 ok
[start] gpu=3 divprune temp=0.1 run=09
[done]  gpu=3 divprune temp=0.1 run=09 ok
[start] gpu=3 divprune temp=0.1 run=10
[done]  gpu=3 divprune temp=0.1 run=10 ok
[start] gpu=3 divprune temp=0.9 run=01
[done]  gpu=3 divprune temp=0.9 run=01 ok
[start] gpu=3 divprune temp=0.9 run=02
[done]  gpu=3 divprune temp=0.9 run=02 ok
[start] gpu=3 divprune temp=0.9 run=03
[done]  gpu=3 divprune temp=0.9 run=03 ok
[start] gpu=3 divprune temp=0.9 run=04
[done]  gpu=3 divprune temp=0.9 run=04 ok
[start] gpu=3 divprune temp=0.9 run=05
[done]  gpu=3 divprune temp=0.9 run=05 ok
[start] gpu=3 divprune temp=0.9 run=06
[done]  gpu=3 divprune temp=0.9 run=06 ok
[start] gpu=3 divprune temp=0.9 run=07
[done]  gpu=3 divprune temp=0.9 run=07 ok
[start] gpu=3 divprune temp=0.9 run=08
[done]  gpu=3 divprune temp=0.9 run=08 ok
[start] gpu=3 divprune temp=0.9 run=09
[done]  gpu=3 divprune temp=0.9 run=09 ok
[start] gpu=3 divprune temp=0.9 run=10
[done]  gpu=3 divprune temp=0.9 run=10 ok

Wrote benchmark outputs to /data/armaan/purs/runs/qwen25_matrix_gpu7_all7_snapkv
Completed 20 runs; failed or empty runs: 0
Summary: /data/armaan/purs/runs/qwen25_matrix_gpu7_all7_snapkv/SUMMARY.md
